// Vitest Snapshot v1, https://vitest.dev/guide/snapshot.html

exports[`Missions > renders missions correctly 1`] = `
<div
  className="table-container"
>
  <div
    className="MuiPaper-root MuiPaper-elevation MuiPaper-rounded MuiPaper-elevation1 MuiTableContainer-root css-11xur9t-MuiPaper-root-MuiTableContainer-root"
  >
    <table
      aria-label="simple table"
      className="MuiTable-root table css-rqglhn-MuiTable-root"
      role={null}
    >
      <thead
        className="MuiTableHead-root css-15wwp11-MuiTableHead-root"
        role={null}
      >
        <tr
          className="MuiTableRow-root MuiTableRow-head css-duongd-MuiTableRow-root"
          role={null}
        >
          <th
            aria-sort={null}
            className="MuiTableCell-root MuiTableCell-head MuiTableCell-sizeMedium css-1nl57la-MuiTableCell-root"
            scope="col"
          >
            Mission
          </th>
          <th
            aria-sort={null}
            className="MuiTableCell-root MuiTableCell-head MuiTableCell-sizeMedium mission-desc css-1nl57la-MuiTableCell-root"
            scope="col"
          >
            Description
          </th>
          <th
            aria-sort={null}
            className="MuiTableCell-root MuiTableCell-head MuiTableCell-sizeMedium mission-status css-1nl57la-MuiTableCell-root"
            scope="col"
          >
            Status
          </th>
          <th
            aria-sort={null}
            className="MuiTableCell-root MuiTableCell-head MuiTableCell-sizeMedium mission-option css-1nl57la-MuiTableCell-root"
            scope="col"
          />
        </tr>
      </thead>
      <tbody
        className="MuiTableBody-root css-apqrd9-MuiTableBody-root"
        role={null}
      />
    </table>
  </div>
</div>
`;
